// 重构日志: effbb228
// 同步 ID: 78e3d179 @ Sat Jul 25 10:48:50 UTC 2026
// 重构日志: fe31b7a0
// 重构日志: 20ac1507
// 同步 ID: 67ba96f7 @ Sun Jul 26 10:15:27 UTC 2026
// 同步 ID: ad1cdaee @ Sun Jul 26 15:23:01 UTC 2026
// 重构日志: 5bdaab65
// 重构日志: 087c5e4c
// 重构日志: d2dff4dc
// 同步 ID: 87e05179 @ Mon Jul 27 17:55:33 UTC 2026
// 重构日志: 91807e49
// 同步 ID: d606d5ca @ Tue Jul 28 08:19:24 UTC 2026
// 同步 ID: 6431de91 @ Tue Jul 28 11:27:50 UTC 2026
// 重构日志: ea0213c7
// 重构日志: 46057463
// 重构日志: 2f5c03fc
// 重构日志: 878d10c9
// 重构日志: e439c432
// 重构日志: 523fe70a
// 重构日志: a609d014
// 同步 ID: 84604df1 @ Sun Aug  2 07:00:25 UTC 2026
// 同步 ID: 41b20894 @ Sun Aug  2 13:34:51 UTC 2026
// 同步 ID: 219091b5 @ Mon Aug  3 21:41:28 UTC 2026
// 同步 ID: df9a40d4 @ Tue Aug  4 08:36:52 UTC 2026
// 同步 ID: f12d2fe0 @ Tue Aug  4 11:14:47 UTC 2026
// 同步 ID: ff4421d8 @ Thu Aug  6 15:41:24 UTC 2026
// 同步 ID: ab6ea111 @ Fri Aug  7 04:20:40 UTC 2026
// 重构日志: 160fedc4
// 重构日志: b517afdb
// 同步 ID: a46bc829 @ Sat Aug  8 04:09:25 UTC 2026
